
Discarded input sections

 .comment       0x0000000000000000       0x12 kmain.o
 .comment       0x0000000000000000       0x12 cpp/gdt.o
 .comment       0x0000000000000000       0x12 cpp/idt.o
 .comment       0x0000000000000000       0x12 cpp/inout.o
 .comment       0x0000000000000000       0x12 cpp/isr.o
 .comment       0x0000000000000000       0x12 cpp/mem.o
 .comment       0x0000000000000000       0x12 cpp/paging.o
 .comment       0x0000000000000000       0x12 cpp/panic.o
 .comment       0x0000000000000000       0x12 cpp/resource.o
 .comment       0x0000000000000000       0x12 cpp/screen.o
 .comment       0x0000000000000000       0x12 cpp/sleep.o
 .comment       0x0000000000000000       0x12 cpp/timer.o

Memory Configuration

Name             Origin             Length             Attributes
*default*        0x0000000000000000 0xffffffffffffffff

Linker script and memory map

LOAD loader.o
LOAD kmain.o
LOAD cpp/gdt.o
LOAD cpp/idt.o
LOAD cpp/inout.o
LOAD cpp/isr.o
LOAD cpp/mem.o
LOAD cpp/paging.o
LOAD cpp/panic.o
LOAD cpp/resource.o
LOAD cpp/screen.o
LOAD cpp/sleep.o
LOAD cpp/timer.o
LOAD gdt_flush.o
LOAD isr.o
                0x0000000000100000                . = 0x100000

.text           0x0000000000100000     0x14ac
 *(.text)
 .text          0x0000000000100000       0x5d loader.o
                0x000000000010000c                _start
 *fill*         0x000000000010005d        0x3 00
 .text          0x0000000000100060      0x108 kmain.o
                0x0000000000100060                kmain
 .text          0x0000000000100168      0x139 cpp/gdt.o
                0x0000000000100168                _Z8init_gdtv
                0x0000000000100215                _Z12gdt_set_gatejjjhh
 *fill*         0x00000000001002a1        0x3 00
 .text          0x00000000001002a4      0x458 cpp/idt.o
                0x00000000001002a4                _Z8init_idtv
                0x0000000000100683                _Z12idt_set_gatehjth
 .text          0x00000000001006fc       0x55 cpp/inout.o
                0x00000000001006fc                _Z4outbth
                0x0000000000100718                _Z3inbt
                0x0000000000100733                _Z3inwt
 *fill*         0x0000000000100751        0x3 00
 .text          0x0000000000100754       0xcb cpp/isr.o
                0x0000000000100754                isr_handler
                0x0000000000100775                register_interrupt_handler
                0x0000000000100795                irq_handler
 *fill*         0x000000000010081f        0x1 00
 .text          0x0000000000100820       0x6b cpp/mem.o
                0x0000000000100820                _Z6memsetPvii
                0x000000000010084e                _Z6memcpyPvPKvi
 *fill*         0x000000000010088b        0x1 00
 .text          0x000000000010088c      0x408 cpp/paging.o
                0x000000000010088c                _ZN6pagingC2Ev
                0x00000000001008c0                _ZN6pagingC1Ev
                0x00000000001008f4                _ZN6paging4initEj
                0x0000000000100a34                _ZN6paging9init_heapEv
                0x0000000000100a76                _ZN6paging14map_first_slabEjj
                0x0000000000100b0e                _ZN6paging8map_slabEjj
                0x0000000000100bfe                _ZN6paging8add_slabEv
                0x0000000000100c34                _ZN6paging12dumb_kmallocEi
 .text          0x0000000000100c94       0x4f cpp/panic.o
                0x0000000000100c94                _Z5panicPKc
                0x0000000000100cb2                _Z12scarry_panicPKc
 *fill*         0x0000000000100ce3        0x1 00
 .text          0x0000000000100ce4        0x0 cpp/resource.o
 .text          0x0000000000100ce4      0x366 cpp/screen.o
                0x0000000000100ce4                _ZN6screenC2Ev
                0x0000000000100d76                _ZN6screenC1Ev
                0x0000000000100e08                _ZN6screen5clearEv
                0x0000000000100e4e                _ZN6screen5clearEh
                0x0000000000100e9c                _ZN6screen4putsEPKc
                0x0000000000100f1a                _ZN6screen7puts_nnEPKc
                0x0000000000100f62                _ZN6screen4puthEj
                0x0000000000100fe4                _ZN6screen4dropEjjc
                0x0000000000101018                _ZN6screen4putcEh
 *fill*         0x000000000010104a        0x2 00
 .text          0x000000000010104c       0x5c cpp/sleep.o
                0x000000000010104c                _Z6msleepm
                0x000000000010107b                _Z5sleepj
 .text          0x00000000001010a8      0x1ac cpp/timer.o
                0x00000000001010a8                _ZN5timerC2Ej
                0x0000000000101156                _ZN5timerC1Ej
                0x0000000000101204                _ZN5timer8callbackE9registers
 *fill*         0x0000000000101254        0xc 00
 .text          0x0000000000101260       0x25 gdt_flush.o
                0x0000000000101260                gdt_flush
                0x000000000010127d                idt_flush
 *fill*         0x0000000000101285        0xb 00
 .text          0x0000000000101290      0x21c isr.o
                0x0000000000101290                isr0
                0x000000000010129a                isr1
                0x00000000001012a4                isr2
                0x00000000001012ae                isr3
                0x00000000001012b8                isr4
                0x00000000001012c2                isr5
                0x00000000001012cc                isr6
                0x00000000001012d6                isr7
                0x00000000001012e0                isr8
                0x00000000001012e8                isr9
                0x00000000001012f2                isr10
                0x00000000001012fa                isr11
                0x0000000000101302                isr12
                0x000000000010130a                isr13
                0x0000000000101312                isr14
                0x000000000010131a                isr15
                0x0000000000101324                isr16
                0x000000000010132e                isr17
                0x0000000000101338                isr18
                0x0000000000101342                isr19
                0x000000000010134c                isr20
                0x0000000000101356                isr21
                0x0000000000101360                isr22
                0x000000000010136a                isr23
                0x0000000000101374                isr24
                0x000000000010137e                isr25
                0x0000000000101388                isr26
                0x0000000000101392                isr27
                0x000000000010139c                isr28
                0x00000000001013a6                isr29
                0x00000000001013b0                isr30
                0x00000000001013ba                isr31
                0x00000000001013c4                isr32
                0x00000000001013e4                irq0
                0x00000000001013ee                irq1
                0x00000000001013f8                irq2
                0x0000000000101402                irq3
                0x000000000010140c                irq4
                0x0000000000101416                irq5
                0x0000000000101420                irq6
                0x000000000010142a                irq7
                0x0000000000101434                irq8
                0x000000000010143e                irq9
                0x0000000000101448                irq10
                0x0000000000101452                irq11
                0x000000000010145c                irq12
                0x0000000000101466                irq13
                0x0000000000101470                irq14
                0x000000000010147a                irq15
 *(.gnu.linkonce.t*)

.iplt           0x00000000001014ac        0x0
 .iplt          0x0000000000000000        0x0 loader.o

.rodata         0x0000000000102000       0x78
                0x0000000000102000                start_ctors = .
 *(SORT(.ctors*))
                0x0000000000102000                end_ctors = .
                0x0000000000102000                start_dtors = .
 *(SORT(.dtors*))
                0x0000000000102000                end_dtors = .
 *(.rodata*)
 .rodata        0x0000000000102000       0x78 cpp/paging.o
 *(.gnu.linkonce.r*)

.rel.dyn        0x0000000000102078        0x0
 .rel.iplt      0x0000000000000000        0x0 loader.o
 .rel.text      0x0000000000000000        0x0 loader.o

.data           0x0000000000103000        0x0
 *(.data)
 .data          0x0000000000103000        0x0 kmain.o
 .data          0x0000000000103000        0x0 cpp/gdt.o
 .data          0x0000000000103000        0x0 cpp/idt.o
 .data          0x0000000000103000        0x0 cpp/inout.o
 .data          0x0000000000103000        0x0 cpp/isr.o
 .data          0x0000000000103000        0x0 cpp/mem.o
 .data          0x0000000000103000        0x0 cpp/paging.o
 .data          0x0000000000103000        0x0 cpp/panic.o
 .data          0x0000000000103000        0x0 cpp/resource.o
 .data          0x0000000000103000        0x0 cpp/screen.o
 .data          0x0000000000103000        0x0 cpp/sleep.o
 .data          0x0000000000103000        0x0 cpp/timer.o
 *(.gnu.linkonce.d*)

.igot.plt       0x0000000000102078        0x0 load address 0x0000000000103000
 .igot.plt      0x0000000000000000        0x0 loader.o

.bss            0x0000000000102080     0x4c8c
                0x0000000000102080                sbss = .
 *(COMMON)
 *(.bss)
 .bss           0x0000000000102080     0x4008 loader.o
                0x0000000000102080                magic
                0x0000000000102084                mbd
 .bss           0x0000000000106088        0x0 kmain.o
 *fill*         0x0000000000106088       0x18 00
 .bss           0x00000000001060a0       0x2e cpp/gdt.o
 *fill*         0x00000000001060ce       0x12 00
 .bss           0x00000000001060e0      0x806 cpp/idt.o
 *fill*         0x00000000001068e6        0x2 00
 .bss           0x00000000001068e8        0x0 cpp/inout.o
 *fill*         0x00000000001068e8       0x18 00
 .bss           0x0000000000106900      0x400 cpp/isr.o
 .bss           0x0000000000106d00        0x0 cpp/mem.o
 .bss           0x0000000000106d00        0x0 cpp/paging.o
 .bss           0x0000000000106d00        0x0 cpp/panic.o
 .bss           0x0000000000106d00        0x8 cpp/resource.o
                0x0000000000106d00                the_screen
                0x0000000000106d04                the_timer
 .bss           0x0000000000106d08        0x0 cpp/screen.o
 .bss           0x0000000000106d08        0x0 cpp/sleep.o
 .bss           0x0000000000106d08        0x4 cpp/timer.o
 *(.gnu.linkonce.b*)
                0x0000000000106d0c                ebss = .

/DISCARD/
 *(.comment)
 *(.eh_frame)
OUTPUT(kernel.bin elf32-i386)
